// Jest Snapshot v1, https://goo.gl/fbAQLP

exports[`Todo renders component 1`] = `
<WithStyles(ListItem)
  className="Todo"
  role="listitem"
>
  <WithStyles(Checkbox)
    checked={false}
    disableRipple={true}
    onChange={[Function]}
    tabIndex={-1}
  />
  <div
    className="Todo__Title"
    contentEditable={true}
    onInput={[Function]}
    suppressContentEditableWarning={true}
  >
    <WithStyles(ListItemText)
      primary="Culpa excepteur nisi fugiat"
    />
  </div>
  <WithStyles(ListItemSecondaryAction)>
    <WithStyles(IconButton)
      aria-label="Delete"
      className="Todo__Delete"
      onClick={[Function]}
    >
      <pure(DeleteIcon) />
    </WithStyles(IconButton)>
  </WithStyles(ListItemSecondaryAction)>
</WithStyles(ListItem)>
`;
