// Jest Snapshot v1, https://goo.gl/fbAQLP

exports[`TodosView renders without crashing 1`] = `
<div
  className="TodosView"
>
  <WithStyles(Typography)
    component="h1"
    gutterBottom={true}
    variant="h4"
  >
    Todos
  </WithStyles(Typography)>
  <WithStyles(Card)>
    <WithStyles(CardContent)>
      <Connect(TodoList) />
    </WithStyles(CardContent)>
  </WithStyles(Card)>
  <Connect(TodoAddForm) />
</div>
`;
