// Jest Snapshot v1, https://goo.gl/fbAQLP

exports[`TodoAddForm renders without crashing 1`] = `
<form
  className="TodoAddForm"
  onSubmit={[Function]}
>
  <div
    className="TodoAddForm__Input"
  >
    <TextField
      className="TodoAddForm__Title"
      id="title"
      label="Enter todo"
      margin="normal"
      onChange={[Function]}
      required={false}
      select={false}
      value="foo"
      variant="standard"
    />
  </div>
  <div
    className="TodoAddForm__Submit"
  >
    <WithStyles(Button)
      disabled={false}
      variant="outlined"
    >
      Add
    </WithStyles(Button)>
  </div>
</form>
`;
