// Jest Snapshot v1, https://goo.gl/fbAQLP

exports[`App renders component 1`] = `
<div
  className="App"
>
  <Connect(WithStyles(Header)) />
  <Connect(WithStyles(withRouter(Sidebar)))>
    <Switch>
      <Route
        component={[Function]}
        exact={true}
        path="/"
      />
      <Route
        component={[Function]}
        path="/about"
      />
      <Route
        component={[Function]}
      />
    </Switch>
  </Connect(WithStyles(withRouter(Sidebar)))>
</div>
`;
